[www.layui.com/index.html]
[backblue.gif]
[fade.gif]
[index.html]
[www.layui.com/alone.html]
[www.layui.com/doc/base/changelog.html]
[www.layui.com/about/disclaimer.html]
[www.layui.com/demo/index.html]
[www.layui.com/doc/index.html]
[www.layui.com/about/relatedlinks.html]
[cdn.layui.com/upload/2019_5/168_1559291577683_9348.png]
[pagead2.googlesyndication.com/pagead/js/adsbygoogle.js]
[www.layui.com/index.html]
[res.layui.com/layui/dist/css/layui.css]
[res.layui.com/static/css/global.css]
[res.layui.com/static/images/layui/logo.png]
[www.layui.com/doc/base/infrastructure.html]
[www.layui.com/doc/base/element.html]
[www.layui.com/doc/base/modules.html]
[www.layui.com/doc/base/faq.html]
[www.layui.com/doc/element/layout.html]
[www.layui.com/doc/element/color.html]
[www.layui.com/doc/element/icon.html]
[www.layui.com/doc/element/anim.html]
[www.layui.com/doc/element/button.html]
[www.layui.com/doc/element/form.html]
[www.layui.com/doc/element/nav.html]
[www.layui.com/doc/element/tab.html]
[www.layui.com/doc/element/progress.html]
[www.layui.com/doc/element/panel.html]
[www.layui.com/doc/element/table.html]
[www.layui.com/doc/element/badge.html]
[www.layui.com/doc/element/timeline.html]
[www.layui.com/doc/element/auxiliar.html]
[www.layui.com/doc/modules/layer.html]
[www.layui.com/doc/modules/laydate.html]
[www.layui.com/doc/modules/laypage.html]
[www.layui.com/doc/modules/laytpl.html]
[www.layui.com/doc/modules/table.html]
[www.layui.com/doc/modules/form.html]
[www.layui.com/doc/modules/upload.html]
[www.layui.com/doc/modules/transfer.html]
[www.layui.com/doc/modules/tree.html]
[www.layui.com/doc/modules/colorpicker.html]
[www.layui.com/doc/modules/element.html]
[www.layui.com/doc/modules/slider.html]
[www.layui.com/doc/modules/rate.html]
[www.layui.com/doc/modules/carousel.html]
[www.layui.com/doc/modules/flow.html]
[www.layui.com/doc/modules/util.html]
[www.layui.com/doc/modules/code.html]
[www.layui.com/doc/index.html]
[www.layui.com/demo/grid.html]
[www.layui.com/demo/admin.html]
[www.layui.com/demo/button.html]
[www.layui.com/demo/form.html]
[www.layui.com/demo/nav.html]
[www.layui.com/demo/tab.html]
[www.layui.com/demo/progress.html]
[www.layui.com/demo/panel.html]
[www.layui.com/demo/badge.html]
[www.layui.com/demo/timeline.html]
[www.layui.com/demo/table-element.html]
[www.layui.com/demo/anim.html]
[www.layui.com/demo/auxiliar.html]
[www.layui.com/demo/layer.html]
[www.layui.com/demo/laydate.html]
[www.layui.com/demo/table.html]
[www.layui.com/demo/laypage.html]
[www.layui.com/demo/upload.html]
[www.layui.com/demo/transfer.html]
[www.layui.com/demo/tree.html]
[www.layui.com/demo/colorpicker.html]
[www.layui.com/demo/slider.html]
[www.layui.com/demo/rate.html]
[www.layui.com/demo/carousel.html]
[www.layui.com/demo/laytpl.html]
[www.layui.com/demo/flow.html]
[www.layui.com/demo/util.html]
[www.layui.com/demo/index.html]
[www.layui.com/alone.html]
[res.layui.com/static/images/layui/banner/spring.jpg]
[www.layui.com/demo/code.html]
[www.layui.com/demo/table/resetPage.html]
[www.layui.com/doc/base/changelog.html]
[www.layui.com/about/disclaimer.html]
[www.layui.com/about/relatedlinks.html]
[res.layui.com/static/images/other/upyun.png]
[res.layui.com/layui/dist/layui.css]
[hm.baidu.com/hmd4f2.js]
[res.layui.com/layui/dist/css/layui.css]
[res.layui.com/static/css/global.css]
[www.layui.com/doc/base/infrastructure.html]
[www.layui.com/doc/base/element.html]
[www.layui.com/demo/table/thead.html]
[www.layui.com/layuiadmin/index.html]
[www.layui.com/doc/base/modules.html]
[www.layui.com/doc/base/faq.html]
[www.layui.com/layim/index.html]
[www.layui.com/doc/element/layout.html]
[www.layui.com/doc/element/color.html]
[www.layui.com/doc/element/icon.html]
[www.layui.com/doc/element/anim.html]
[www.layui.com/demo/layuiAdmin.html]
[www.layui.com/doc/element/button.html]
[www.layui.com/doc/element/form.html]
[www.layui.com/doc/element/nav.html]
[www.layui.com/doc/element/tab.html]
[www.layui.com/doc/element/progress.html]
[www.layui.com/doc/element/panel.html]
[www.layui.com/doc/element/table.html]
[www.layui.com/doc/element/badge.html]
[www.layui.com/doc/element/timeline.html]
[www.layui.com/doc/element/auxiliar.html]
[www.layui.com/doc/modules/layer.html]
[www.layui.com/doc/modules/laydate.html]
[www.layui.com/doc/modules/laypage.html]
[www.layui.com/doc/modules/laytpl.html]
[www.layui.com/detail/{{d.id}}]
[www.layui.com/doc/modules/table.html]
[www.layui.com/doc/modules/form.html]
[www.layui.com/doc/modules/upload.html]
[www.layui.com/doc/modules/transfer.html]
[www.layui.com/doc/modules/tree.html]
[www.layui.com/doc/modules/colorpicker.html]
[www.layui.com/doc/modules/element.html]
[www.layui.com/doc/modules/slider.html]
[www.layui.com/doc/modules/rate.html]
[www.layui.com/doc/modules/carousel.html]
[www.layui.com/doc/modules/flow.html]
[www.layui.com/doc/modules/util.html]
[www.layui.com/doc/modules/code.html]
[res.layui.com/static/images/layui/logo.png]
[res.layui.com/layui/dist/layui.js]
[www.layui.com/demo/grid.html]
[www.layui.com/demo/table/user/index29fb.html]
[www.layui.com/demo/admin.html]
[www.layui.com/demo/button.html]
[www.layui.com/demo/form.html]
[www.layui.com/demo/nav.html]
[www.layui.com/demo/tab.html]
[www.layui.com/demo/progress.html]
[www.layui.com/demo/layuiAdmin3667.html]
[www.layui.com/demo/panel.html]
[www.layui.com/demo/badge.html]
[www.layui.com/demo/timeline.html]
[www.layui.com/demo/table-element.html]
[www.layui.com/demo/anim.html]
[cdn.layui.com/avatar/1681872.jpg]
[www.layui.com/demo/auxiliar.html]
[www.layui.com/demo/layer.html]
[www.layui.com/demo/laydate.html]
[www.layui.com/demo/table/auto.html]
[www.layui.com/demo/table/data.html]
[www.layui.com/demo/table/static.html]
[www.layui.com/demo/table/page.html]
[www.layui.com/demo/table/toolbar.html]
[www.layui.com/demo/table/totalRow.html]
[www.layui.com/demo/table/checkbox.html]
[www.layui.com/demo/table/radio.html]
[www.layui.com/demo/table/cellEdit.html]
[www.layui.com/demo/table/form.html]
[www.layui.com/demo/table/style.html]
[www.layui.com/demo/table/fixed.html]
[www.layui.com/demo/table/operate.html]
[www.layui.com/demo/table/parseData.html]
[www.layui.com/demo/table/onrow.html]
[www.layui.com/demo/table/reload.html]
[www.layui.com/demo/table/height.html]
[www.layui.com/demo/table/initSort.html]
[www.layui.com/demo/table.html]
[www.layui.com/demo/laypage.html]
[www.layui.com/demo/upload.html]
[www.layui.com/demo/transfer.html]
[www.layui.com/demo/tree.html]
[www.layui.com/demo/colorpicker.html]
[www.layui.com/demo/slider.html]
[www.layui.com/demo/rate.html]
[www.layui.com/demo/table/cellEvent.html]
[www.layui.com/demo/carousel.html]
[www.layui.com/demo/laytpl.html]
[cdn.layui.com/upload/2017_3/168_1488985841996_23077.png]
[www.layui.com/demo/flow.html]
[www.layui.com/demo/util.html]
[www.layui.com/demo/code.html]
[www.layui.com/layer/index.html]
[www.layui.com/laydate/index.html]
[www.layui.com/demo/table/resetPage.html]
[www.layui.com/demo/table/thead.html]
[www.layui.com/layuiadmin/style636b.css]
[cdn.layui.com/images/layuiAdmin-show.jpg]
[cdn.layui.com/upload/2018_5/168_1527689303593_64334.png]
[www.layui.com/layuiadmin/std/dist/views/index.html]
[www.layui.com/layuiadmin/pro/index.html]
[cdn.layui.com/upload/2018_5/168_1527689318747_88659.png]
[cdn.layui.com/upload/2018_5/168_1527690320778_88701.png]
[www.layui.com/layuiadmin/index.html]
[www.layui.com/layuiadmin/homepage636b.js]
[www.layui.com/layim/style7ffc.css]
[www.layui.com/layim/images/logo95f9.png]
[www.layui.com/demo/layim.html]
[cdn.layui.com/upload/2021_3/168_1615825722357_92399.jpg]
[www.layui.com/layim/images/footer.png]
[www.layui.com/layim/index.html]
[www.layui.com/doc/base/demo.html]
[tva1.sinaimg.cn/crop.0.0.118.118.180/5db11ff4gw1e77d3nqrv8j203b03cweg.jpg]
[www.layui.com/layim/demo1962.js]
[www.layui.com/demo/layuiAdmin.html]
[res.layui.com/layui/dist/images/face/2.html]
[res.layui.com/layui/dist/images/face/38.html]
[res.layui.com/images/fly/fly.html]
[res.layui.com/images/fly/layim.html]
[res.layui.com/images/sentsin/night.html]
[www.layui.com/laydate/index.html]
[www.layui.com/detail/{{d.html]
[res.layui.com/layui/dist/css/layui.html]
[www.layui.com/demo/layuiAdmin3667.html]
[www.layui.com/demo/table/auto.html]
[www.layui.com/demo/table/data.html]
[www.layui.com/demo/table/static.html]
[www.layui.com/demo/table/page.html]
[www.layui.com/demo/table/toolbar.html]
[www.layui.com/demo/table/totalRow.html]
[www.layui.com/demo/table/checkbox.html]
[www.layui.com/demo/table/radio.html]
[www.layui.com/demo/table/cellEdit.html]
[www.layui.com/demo/table/form.html]
[www.layui.com/demo/table/style.html]
[www.layui.com/demo/table/fixed.html]
[www.layui.com/demo/table/operate.html]
[www.layui.com/demo/table/parseData.html]
[www.layui.com/demo/table/onrow.html]
[www.layui.com/demo/table/reload.html]
[www.layui.com/demo/table/height.html]
[www.layui.com/demo/table/initSort.html]
[www.layui.com/demo/table/cellEvent.html]
[res.layui.com/images/layui/demo/1.html]
[res.layui.com/images/layui/demo/2.html]
[res.layui.com/images/layui/demo/3.html]
[res.layui.com/images/layui/demo/4.html]
[res.layui.com/images/layui/demo/5.html]
[res.layui.com/images/layui/demo/6.html]
[res.layui.com/images/layui/demo/7.html]
[res.layui.com/layui/dist/css/layui636b.html]
[res.layui.com/static/css/global636b.html]
[www.layui.com/layuiadmin/style636b.css]
[www.layui.com/test/table/demo3.json]
[www.layui.com/layuiadmin/std/dist/layuiadmin/layui/css/layui.css]
[www.layui.com/layuiadmin/std/dist/layuiadmin/style/admin.css]
[www.layui.com/layuiadmin/std/dist/views/template/search3f0e.html]
[www.layui.com/layuiadmin/std/dist/views/set/user/info.html]
[www.layui.com/layuiadmin/std/dist/views/set/user/password.html]
[www.layui.com/layuiadmin/std/dist/views/home/console.html]
[www.layui.com/layuiadmin/std/dist/views/home/homepage1.html]
[www.layui.com/layuiadmin/std/dist/views/home/homepage2.html]
[www.layui.com/layuiadmin/std/dist/views/component/grid/list.html]
[www.layui.com/layuiadmin/std/dist/views/component/grid/mobile.html]
[www.layui.com/layuiadmin/std/dist/views/component/grid/mobile-pc.html]
[www.layui.com/layuiadmin/std/dist/views/component/grid/all.html]
[www.layui.com/layuiadmin/std/dist/views/component/grid/stack.html]
[www.layui.com/layuiadmin/std/dist/views/component/grid/speed-dial.html]
[www.layui.com/layuiadmin/std/dist/views/component/button/index.html]
[www.layui.com/layuiadmin/std/dist/views/component/form/element.html]
[www.layui.com/layuiadmin/std/dist/views/component/form/group.html]
[www.layui.com/layuiadmin/std/dist/views/component/nav/index.html]
[www.layui.com/layuiadmin/std/dist/views/component/tabs/index.html]
[www.layui.com/layuiadmin/std/dist/views/component/progress/index.html]
[www.layui.com/layuiadmin/std/dist/views/component/panel/index.html]
[www.layui.com/layuiadmin/std/dist/views/component/badge/index.html]
[www.layui.com/layuiadmin/std/dist/views/component/timeline/index.html]
[www.layui.com/layuiadmin/std/dist/views/component/anim/index.html]
[www.layui.com/layuiadmin/std/dist/views/component/auxiliar/index.html]
[www.layui.com/layuiadmin/std/dist/views/component/table/static.html]
[www.layui.com/layuiadmin/std/dist/views/component/transfer/index.html]
[www.layui.com/layuiadmin/std/dist/views/component/tree/index.html]
[www.layui.com/layuiadmin/std/dist/views/component/colorpicker/index.html]
[www.layui.com/layuiadmin/std/dist/views/component/slider/index.html]
[www.layui.com/layuiadmin/std/dist/views/component/rate/index.html]
[www.layui.com/layuiadmin/std/dist/views/component/carousel/index.html]
[www.layui.com/layuiadmin/std/dist/views/component/flow/index.html]
[www.layui.com/layuiadmin/std/dist/views/component/util/index.html]
[www.layui.com/layuiadmin/std/dist/views/component/code/index.html]
[www.layui.com/layuiadmin/std/dist/views/template/personalpage.html]
[www.layui.com/layuiadmin/std/dist/views/template/addresslist.html]
[www.layui.com/layuiadmin/std/dist/views/template/caller.html]
[www.layui.com/layuiadmin/std/dist/views/template/goodslist.html]
[www.layui.com/layuiadmin/std/dist/views/template/msgboard.html]
[www.layui.com/layuiadmin/std/dist/views/template/search.html]
[www.layui.com/layuiadmin/std/dist/views/user/reg.html]
[www.layui.com/layuiadmin/std/dist/views/user/login.html]
[www.layui.com/layuiadmin/std/dist/views/user/forget.html]
[www.layui.com/layuiadmin/std/dist/views/template/tips/404.html]
[www.layui.com/layuiadmin/std/dist/views/template/tips/error.html]
[www.layui.com/layuiadmin/std/dist/views/app/content/list.html]
[www.layui.com/layuiadmin/std/dist/views/app/content/tags.html]
[www.layui.com/layuiadmin/std/dist/views/app/content/comment.html]
[www.layui.com/layuiadmin/std/dist/views/app/forum/list.html]
[www.layui.com/layuiadmin/std/dist/views/app/forum/replys.html]
[www.layui.com/layuiadmin/std/dist/views/app/message/index.html]
[www.layui.com/layuiadmin/std/dist/views/app/workorder/list.html]
[www.layui.com/layuiadmin/std/dist/views/senior/echarts/line.html]
[www.layui.com/layuiadmin/std/dist/views/senior/echarts/bar.html]
[www.layui.com/layuiadmin/std/dist/views/senior/echarts/map.html]
[www.layui.com/layuiadmin/std/dist/views/user/user/list.html]
[www.layui.com/layuiadmin/std/dist/views/user/administrators/list.html]
[www.layui.com/layuiadmin/std/dist/views/user/administrators/role.html]
[www.layui.com/layuiadmin/std/dist/views/set/system/website.html]
[www.layui.com/layuiadmin/std/dist/views/set/system/email.html]
[www.layui.com/layuiadmin/std/dist/views/index.html]
[www.layui.com/layuiadmin/pro/index.html]
[res.layui.com/layui/dist/layui636b.html]
[res.layui.com/layui/dist/css/layui7fbf.html]
[res.layui.com/static/css/global7fbf.html]
[www.layui.com/layim/style7ffc.css]
[res.layui.com/static/images/layui/logo.png]
[www.layui.com/layuiadmin/std/dist/layuiadmin/layui/layui.js]
[www.layui.com/demo/layim.html]
[res.layui.com/layui/dist/layui7fbf.html]
[res.layui.com/layui/src/layui.css]
[res.layui.com/layui/src/layuifd01.html]
[www.layui.com/layim/pro/demo/mobile.html]
[www.layui.com/layuiadmin/std/dist/layuiadmin/layui/font/iconfontae30.eot]
[www.layui.com/layuiadmin/std/dist/layuiadmin/layui/font/iconfontae30.woff2]
[www.layui.com/layuiadmin/std/dist/layuiadmin/layui/font/iconfontae30.woff]
[www.layui.com/layuiadmin/std/dist/layuiadmin/layui/font/iconfontae30.ttf]
[www.layui.com/layuiadmin/std/dist/layuiadmin/layui/css/layui.css]
[www.layui.com/layuiadmin/std/dist/layuiadmin/style/res/logo.png]
[www.layui.com/layuiadmin/std/dist/layuiadmin/style/admin.css]
[www.layui.com/layuiadmin/std/dist/layuiadmin/layui/font/iconfontae30.svg]
[www.layui.com/layuiadmin/std/dist/layuiadmin/style/template.css]
[www.layui.com/layuiadmin/std/dist/layuiadmin/style/res/layui-logo.jpg]
[www.layui.com/layuiadmin/std/dist/views/template/search3f0e.html]
[www.layui.com/layuiadmin/std/dist/views/set/user/info.html]
[www.layui.com/layuiadmin/std/dist/views/set/user/password.html]
[www.layui.com/layuiadmin/std/dist/views/home/home/homepage1.html]
[www.layui.com/layuiadmin/std/dist/views/home/home/homepage2.html]
[www.layui.com/layuiadmin/std/dist/views/home/component/layer/list.html]
[www.layui.com/layuiadmin/std/dist/views/home/component/progress/index.html]
[www.layui.com/layuiadmin/std/dist/views/home/app/workorder/list.html]
[www.layui.com/layuiadmin/std/dist/views/home/user/user/list.html]
[www.layui.com/layuiadmin/std/dist/views/home/set/system/website.html]
[www.layui.com/layuiadmin/std/dist/views/home/set/user/info.html]
[www.layui.com/layuiadmin/std/dist/views/home/console.html]
[www.layui.com/layuiadmin/std/dist/layuiadmin/layui/layuib73c.js]
[www.layui.com/layuiadmin/std/dist/views/home/doc/modules/flow.e4.delayed]
[www.layui.com/layuiadmin/std/dist/views/home/doc/modules/upload.html]
[www.layui.com/layuiadmin/std/dist/views/home/doc/modules/form.html]
[www.layui.com/layuiadmin/std/dist/views/home/doc/modules/table.html]
[www.layui.com/layuiadmin/std/dist/views/home/doc/modules/layim.html]
[www.layui.com/layuiadmin/std/dist/views/home/doc/modules/layer.html]
[www.layui.com/layuiadmin/std/dist/views/home/doc/modules/rate.html]
[www.layui.com/layuiadmin/std/dist/views/home/homepage1.html]
[www.layui.com/layuiadmin/std/dist/views/home/homepage2.html]
[www.layui.com/layuiadmin/std/dist/views/component/grid/list.html]
[www.layui.com/layuiadmin/std/dist/views/component/grid/mobile.html]
[www.layui.com/layuiadmin/std/dist/views/component/grid/mobile-pc.html]
[www.layui.com/layuiadmin/std/dist/views/component/grid/all.html]
[www.layui.com/layuiadmin/std/dist/views/component/grid/stack.html]
[www.layui.com/layuiadmin/std/dist/views/component/grid/speed-dial.html]
[www.layui.com/layuiadmin/std/dist/views/component/button/index.html]
[www.layui.com/layuiadmin/std/dist/views/component/form/element.html]
[www.layui.com/layuiadmin/std/dist/views/component/form/group.html]
[www.layui.com/layuiadmin/std/dist/views/component/nav/index.html]
[www.layui.com/layuiadmin/std/dist/views/component/tabs/index.html]
[www.layui.com/layuiadmin/std/dist/views/component/progress/index.html]
[www.layui.com/layuiadmin/std/dist/views/component/panel/index.html]
[www.layui.com/layuiadmin/std/dist/views/component/badge/index.html]
[www.layui.com/layuiadmin/std/dist/views/component/timeline/index.html]
[www.layui.com/layuiadmin/std/dist/views/component/anim/index.html]
[www.layui.com/layuiadmin/std/dist/views/component/auxiliar/index.html]
[www.layui.com/layuiadmin/std/dist/views/component/table/static.html]
[www.layui.com/layuiadmin/std/dist/views/component/transfer/index.html]
[www.layui.com/layuiadmin/std/dist/views/component/tree/index.html]
[www.layui.com/layuiadmin/std/dist/views/component/colorpicker/index.html]
[www.layui.com/layuiadmin/std/dist/views/component/slider/index.html]
[www.layui.com/layuiadmin/std/dist/views/component/rate/index.html]
[www.layui.com/layuiadmin/std/dist/views/component/carousel/index.html]
[gw.alicdn.com/bao/uploaded/i2/701696736/TB2PNl5ahQa61Bjy0FhXXaalFXa_!!701696736.jpg_400x400q905223.jpg]
[gw.alicdn.com/bao/uploaded/i2/162734861/TB2V5rsX_gc61BjSZFkXXcTkFXa_!!162734861.jpg_400x400q905223.jpg]
[gw.alicdn.com/bao/uploaded/i4/69476562/TB2htq4XTka61BjSszfXXXN8pXa_!!69476562.jpg_400x400q905223.jpg]
[gw.alicdn.com/bao/uploaded/i1/180558071/TB2sy6jXMQc61BjSZFGXXa1DFXa_!!180558071.jpg_400x400q905223.jpg]
[gw.alicdn.com/bao/uploaded/i3/285892163/TB2qu2HX9Zb61BjSZPfXXaU.pXa_!!285892163.jpg_400x400q905223.jpg]
[gw.alicdn.com/bao/uploaded/i2/704998060/TB2S.gAXTgc61BjSZFkXXcTkFXa_!!704998060.jpg_400x400q905223.jpg]
[gw.alicdn.com/bao/uploaded/i3/117202952/TB25lckX_AX61Bjy0FcXXaSlFXa_!!117202952.jpg_400x400q905223.jpg]
[gw.alicdn.com/bao/uploaded/i2/162734861/TB2qijoX9Zb61BjSZPfXXaU.pXa_!!162734861.jpg_400x400q905223.jpg]
[gw.alicdn.com/bao/uploaded/i3/96216586/TB2S7EfXHMc61BjSZFFXXaDLFXa_!!96216586.jpg_400x400q905223.jpg]
[gw.alicdn.com/bao/uploaded/i8/TB1jSSFNFXXXXcoXFXXYXGcGpXX_M2.SS2_400x400q905223.jpg]
[gw.alicdn.com/bao/uploaded/i2/162734861/TB2ylbsX37c61BjSZFKXXb6hFXa_!!162734861.jpg_400x400q905223.jpg]
[gw.alicdn.com/bao/uploaded/i2/117202952/TB2FdyZajUd61BjSZPcXXc6hXXa_!!117202952.jpg_400x400q905223.jpg]
[gw.alicdn.com/bao/uploaded/i4/777105914/TB2t.qbXZwb61Bjy0FfXXXvlpXa_!!777105914.jpg_400x400q905223.jpg]
[gw.alicdn.com/bao/uploaded/i4/TB1XzupNFXXXXcpXXXXXXXXXXXX_!!0-item_pic.jpg_400x400q905223.jpg]
[www.layui.com/layuiadmin/std/dist/views/component/flow/index.html]
[www.layui.com/layuiadmin/std/dist/views/component/util/index.html]
[www.layui.com/layuiadmin/std/dist/views/component/code/index.html]
[www.layui.com/layuiadmin/std/dist/layuiadmin/style/res/template/portrait.png]
[www.layui.com/layuiadmin/std/dist/layuiadmin/style/res/template/huge.jpg]
[www.layui.com/layuiadmin/std/dist/views/template/personalpage.html]
[www.layui.com/layuiadmin/std/dist/layuiadmin/style/res/template/character.jpg]
[www.layui.com/layuiadmin/std/dist/views/template/addresslist.html]
[www.layui.com/layuiadmin/std/dist/views/template/caller.html]
[www.layui.com/layuiadmin/std/dist/views/template/goodslist.html]
[www.layui.com/layuiadmin/std/dist/views/template/msgboard.html]
[www.layui.com/layuiadmin/std/dist/views/template/search.html]
[www.layui.com/layuiadmin/std/dist/views/user/reg.html]
[www.layui.com/layuiadmin/std/dist/views/user/login.html]
[www.layui.com/layuiadmin/std/dist/views/user/forget.html]
[www.layui.com/layuiadmin/std/dist/views/template/tips/404.html]
[www.layui.com/layuiadmin/std/dist/views/template/tips/error.html]
[www.layui.com/layuiadmin/std/dist/views/app/content/list.html]
[www.layui.com/layuiadmin/std/dist/views/app/content/tags.html]
[www.layui.com/layuiadmin/std/dist/views/app/content/comment.html]
[www.layui.com/layuiadmin/std/dist/views/app/forum/list.html]
[www.layui.com/layuiadmin/std/dist/views/app/forum/replys.html]
[www.layui.com/layuiadmin/std/dist/views/app/message/index.html]
[www.layui.com/layuiadmin/std/dist/views/app/workorder/list.html]
[www.layui.com/layuiadmin/std/dist/views/senior/echarts/line.html]
[www.layui.com/layuiadmin/std/dist/views/senior/echarts/bar.html]
[www.layui.com/layuiadmin/std/dist/views/senior/echarts/map.html]
[www.layui.com/layuiadmin/std/dist/views/user/user/list.html]
[www.layui.com/layuiadmin/std/dist/views/user/administrators/list.html]
[www.layui.com/layuiadmin/std/dist/views/user/administrators/role.html]
[www.layui.com/layuiadmin/std/dist/views/set/system/website.html]
[www.layui.com/layuiadmin/std/dist/views/set/system/email.html]
[res.layui.com/layui/rc/css/layuib7f2.html]
[res.layui.com/layui/rc/layuid1e2.html]
[www.layui.com/layim/pro/demo/mobile.html]
[www.layui.com/layuiadmin/std/dist/layuiadmin/style/login.css]
[file.ynet.com/2/1603/09/10995825.jpg]
[www.layui.com/layuiadmin/std/dist/layuiadmin/layui/font/iconfontae30.svg]
[www.layui.com/layuiadmin/std/dist/layuiadmin/style/template.css]
[www.layui.com/layuiadmin/std/dist/views/home/home/homepage1.html]
[www.layui.com/layuiadmin/std/dist/views/home/home/homepage2.html]
[www.layui.com/layuiadmin/std/dist/views/home/component/layer/list.html]
[www.layui.com/layuiadmin/std/dist/views/home/component/progress/index.html]
[www.layui.com/layuiadmin/std/dist/views/home/app/workorder/list.html]
[www.layui.com/layuiadmin/std/dist/views/home/user/user/list.html]
[www.layui.com/layuiadmin/std/dist/views/home/set/system/website.html]
[www.layui.com/layuiadmin/std/dist/views/home/set/user/info.html]
[www.layui.com/layuiadmin/std/dist/views/home/doc/modules/flow.html]
[www.layui.com/layuiadmin/std/dist/views/home/doc/modules/upload.html]
[www.layui.com/layuiadmin/std/dist/views/home/doc/modules/form.html]
[www.layui.com/layuiadmin/std/dist/views/home/doc/modules/table.html]
[www.layui.com/layuiadmin/std/dist/views/home/doc/modules/layim.html]
[www.layui.com/layuiadmin/std/dist/views/home/doc/modules/layer.html]
[www.layui.com/layuiadmin/std/dist/views/home/doc/modules/rate.html]
[www.layui.com/admin/index.html]
[www.layui.com/layuiadmin/std/dist/layuiadmin/style/login.css]
[res.layui.com/layui/dist/css/layuie4be.html]
[res.layui.com/layui/dist/layui6035.html]
